==== Processor Information ====
model name	: 12th Gen Intel(R) Core(TM) i5-1235U
cpu cores	: 10
model name	: 12th Gen Intel(R) Core(TM) i5-1235U
cpu cores	: 10
model name	: 12th Gen Intel(R) Core(TM) i5-1235U
cpu cores	: 10
model name	: 12th Gen Intel(R) Core(TM) i5-1235U
cpu cores	: 10
model name	: 12th Gen Intel(R) Core(TM) i5-1235U
cpu cores	: 10
model name	: 12th Gen Intel(R) Core(TM) i5-1235U
cpu cores	: 10
model name	: 12th Gen Intel(R) Core(TM) i5-1235U
cpu cores	: 10
model name	: 12th Gen Intel(R) Core(TM) i5-1235U
cpu cores	: 10
model name	: 12th Gen Intel(R) Core(TM) i5-1235U
cpu cores	: 10
model name	: 12th Gen Intel(R) Core(TM) i5-1235U
cpu cores	: 10
model name	: 12th Gen Intel(R) Core(TM) i5-1235U
cpu cores	: 10
model name	: 12th Gen Intel(R) Core(TM) i5-1235U
cpu cores	: 10

==== RAM Information ====
MemTotal:       16031800 kB
MemFree:         3358512 kB

==== IP Address Information ====
127.0.0.1/8
10.60.100.31/24
172.16.80.1/24
192.168.246.1/24

==== Graphics Card Information ====
00:02.0 VGA compatible controller [0300]: Intel Corporation Alder Lake-UP3 GT2 [Iris Xe Graphics] [8086:46a8] (rev 0c) (prog-if 00 [VGA controller])
	DeviceName:  Onboard IGD
	Subsystem: Hewlett-Packard Company Alder Lake-UP3 GT2 [Iris Xe Graphics] [103c:8a20]
	Flags: bus master, fast devsel, latency 0, IRQ 141
	Memory at 6000000000 (64-bit, non-prefetchable) [size=16M]
	Memory at 4000000000 (64-bit, prefetchable) [size=256M]
	I/O ports at 4000 [size=64]
	Expansion ROM at 000c0000 [virtual] [disabled] [size=128K]
	Capabilities: <access denied>
	Kernel driver in use: i915
	Kernel modules: i915

00:04.0 Signal processing controller [1180]: Intel Corporation Alder Lake Innovation Platform Framework Processor Participant [8086:461d] (rev 04)

==== Operating System Information ====
PRETTY_NAME="Ubuntu 23.10"
NAME="Ubuntu"
VERSION_ID="23.10"
VERSION="23.10 (Mantic Minotaur)"
VERSION_CODENAME=mantic
ID=ubuntu
ID_LIKE=debian
HOME_URL="https://www.ubuntu.com/"
SUPPORT_URL="https://help.ubuntu.com/"
BUG_REPORT_URL="https://bugs.launchpad.net/ubuntu/"
PRIVACY_POLICY_URL="https://www.ubuntu.com/legal/terms-and-policies/privacy-policy"
UBUNTU_CODENAME=mantic
LOGO=ubuntu-logo

==== MAC Address Information ====
2c:3b:70:4c:4b:ed
00:50:56:c0:00:01
00:50:56:c0:00:08

==== Hostname Information ====
vaibhavg-HP-Laptop-15s-fq5xxx

==== Hard Drive Information ====
NAME        MAJ:MIN RM   SIZE RO TYPE MOUNTPOINTS
loop0         7:0    0  74.1M  1 loop /snap/core22/1033
loop1         7:1    0     4K  1 loop /snap/bare/5
loop2         7:2    0 302.6M  1 loop /snap/code/148
loop3         7:3    0  55.7M  1 loop /snap/core18/2812
loop4         7:4    0  63.9M  1 loop /snap/core20/2105
loop5         7:5    0  73.9M  1 loop /snap/core22/864
loop6         7:6    0 240.5M  1 loop /snap/firefox/3216
loop7         7:7    0  11.2M  1 loop /snap/firmware-updater/109
loop8         7:8    0   7.4M  1 loop /snap/gedit/684
loop9         7:9    0 164.8M  1 loop /snap/gnome-3-28-1804/198
loop10        7:10   0   497M  1 loop /snap/gnome-42-2204/141
loop11        7:11   0 294.7M  1 loop /snap/gpt-desktop/1
loop12        7:12   0  91.7M  1 loop /snap/gtk-common-themes/1535
loop13        7:13   0  10.5M  1 loop /snap/snap-store/1046
loop14        7:14   0  40.9M  1 loop /snap/snapd/20290
loop15        7:15   0   452K  1 loop /snap/snapd-desktop-integration/83
loop16        7:16   0 414.1M  1 loop /snap/telegram-desktop/5305
loop17        7:17   0   4.2M  1 loop /snap/transmission/60
loop18        7:18   0 245.9M  1 loop /snap/firefox/3600
nvme0n1     259:0    0 476.9G  0 disk 
├─nvme0n1p1 259:1    0   417G  0 part /media/vaibhavg/Backup
├─nvme0n1p2 259:2    0  58.9G  0 part /var/snap/firefox/common/host-hunspell
│                                     /
└─nvme0n1p3 259:3    0     1G  0 part /boot/efi
==== Processor Information ====
model name	: 12th Gen Intel(R) Core(TM) i5-1235U
cpu cores	: 10
model name	: 12th Gen Intel(R) Core(TM) i5-1235U
cpu cores	: 10
model name	: 12th Gen Intel(R) Core(TM) i5-1235U
cpu cores	: 10
model name	: 12th Gen Intel(R) Core(TM) i5-1235U
cpu cores	: 10
model name	: 12th Gen Intel(R) Core(TM) i5-1235U
cpu cores	: 10
model name	: 12th Gen Intel(R) Core(TM) i5-1235U
cpu cores	: 10
model name	: 12th Gen Intel(R) Core(TM) i5-1235U
cpu cores	: 10
model name	: 12th Gen Intel(R) Core(TM) i5-1235U
cpu cores	: 10
model name	: 12th Gen Intel(R) Core(TM) i5-1235U
cpu cores	: 10
model name	: 12th Gen Intel(R) Core(TM) i5-1235U
cpu cores	: 10
model name	: 12th Gen Intel(R) Core(TM) i5-1235U
cpu cores	: 10
model name	: 12th Gen Intel(R) Core(TM) i5-1235U
cpu cores	: 10

==== RAM Information ====
MemTotal:       16031800 kB
MemFree:         3349100 kB

==== IP Address Information ====
127.0.0.1/8
10.60.100.31/24
172.16.80.1/24
192.168.246.1/24

==== Graphics Card Information ====
00:02.0 VGA compatible controller [0300]: Intel Corporation Alder Lake-UP3 GT2 [Iris Xe Graphics] [8086:46a8] (rev 0c) (prog-if 00 [VGA controller])
	DeviceName:  Onboard IGD
	Subsystem: Hewlett-Packard Company Alder Lake-UP3 GT2 [Iris Xe Graphics] [103c:8a20]
	Flags: bus master, fast devsel, latency 0, IRQ 141
	Memory at 6000000000 (64-bit, non-prefetchable) [size=16M]
	Memory at 4000000000 (64-bit, prefetchable) [size=256M]
	I/O ports at 4000 [size=64]
	Expansion ROM at 000c0000 [virtual] [disabled] [size=128K]
	Capabilities: [40] Vendor Specific Information: Len=0c <?>
	Capabilities: [70] Express Root Complex Integrated Endpoint, MSI 00
	Capabilities: [ac] MSI: Enable+ Count=1/1 Maskable+ 64bit-
	Capabilities: [d0] Power Management version 2
	Capabilities: [100] Process Address Space ID (PASID)

==== Operating System Information ====
PRETTY_NAME="Ubuntu 23.10"
NAME="Ubuntu"
VERSION_ID="23.10"
VERSION="23.10 (Mantic Minotaur)"
VERSION_CODENAME=mantic
ID=ubuntu
ID_LIKE=debian
HOME_URL="https://www.ubuntu.com/"
SUPPORT_URL="https://help.ubuntu.com/"
BUG_REPORT_URL="https://bugs.launchpad.net/ubuntu/"
PRIVACY_POLICY_URL="https://www.ubuntu.com/legal/terms-and-policies/privacy-policy"
UBUNTU_CODENAME=mantic
LOGO=ubuntu-logo

==== MAC Address Information ====
2c:3b:70:4c:4b:ed
00:50:56:c0:00:01
00:50:56:c0:00:08

==== Hostname Information ====
vaibhavg-HP-Laptop-15s-fq5xxx

==== Hard Drive Information ====
NAME        MAJ:MIN RM   SIZE RO TYPE MOUNTPOINTS
loop0         7:0    0  74.1M  1 loop /snap/core22/1033
loop1         7:1    0     4K  1 loop /snap/bare/5
loop2         7:2    0 302.6M  1 loop /snap/code/148
loop3         7:3    0  55.7M  1 loop /snap/core18/2812
loop4         7:4    0  63.9M  1 loop /snap/core20/2105
loop5         7:5    0  73.9M  1 loop /snap/core22/864
loop6         7:6    0 240.5M  1 loop /snap/firefox/3216
loop7         7:7    0  11.2M  1 loop /snap/firmware-updater/109
loop8         7:8    0   7.4M  1 loop /snap/gedit/684
loop9         7:9    0 164.8M  1 loop /snap/gnome-3-28-1804/198
loop10        7:10   0   497M  1 loop /snap/gnome-42-2204/141
loop11        7:11   0 294.7M  1 loop /snap/gpt-desktop/1
loop12        7:12   0  91.7M  1 loop /snap/gtk-common-themes/1535
loop13        7:13   0  10.5M  1 loop /snap/snap-store/1046
loop14        7:14   0  40.9M  1 loop /snap/snapd/20290
loop15        7:15   0   452K  1 loop /snap/snapd-desktop-integration/83
loop16        7:16   0 414.1M  1 loop /snap/telegram-desktop/5305
loop17        7:17   0   4.2M  1 loop /snap/transmission/60
loop18        7:18   0 245.9M  1 loop /snap/firefox/3600
nvme0n1     259:0    0 476.9G  0 disk 
├─nvme0n1p1 259:1    0   417G  0 part /media/vaibhavg/Backup
├─nvme0n1p2 259:2    0  58.9G  0 part /var/snap/firefox/common/host-hunspell
│                                     /
└─nvme0n1p3 259:3    0     1G  0 part /boot/efi
